// Jest Snapshot v1, https://goo.gl/fbAQLP

exports[`Components - Space renders correctly 1`] = `
<View
  style={
    Array [
      Object {},
      undefined,
    ]
  }
/>
`;
